[www.onetouchhealth.net/index.html]
[backblue.gif]
[fade.gif]
[index.html]
[www.onetouchhealth.net/app/themes/soap/dist/images/favicon.svg]
[www.onetouchhealth.net/app/themes/soap/dist/images/favicon.ico]
[www.onetouchhealth.net/app/themes/soap/dist/images/apple-touch-icon.png]
[www.onetouchhealth.net/app/themes/soap/dist/images/favicon-32x32.png]
[www.onetouchhealth.net/app/themes/soap/dist/images/favicon-16x16.png]
[js-eu1.hs-scripts.com/25183355.js]
[cdn-cookieyes.com/client_data/6342f89ee2374ad2609c8321/script.js]
[www.onetouchhealth.net/feed]
[www.onetouchhealth.net/comments/feed]
[www.onetouchhealth.net/wp/wp-includes/js/jquery/jquery.minf43b.js]
[www.onetouchhealth.net/app/themes/soap/dist/css/bundle5152.css]
[www.onetouchhealth.net/wp/wp-includes/js/jquery/jquery-migrate.min5589.js]
[www.onetouchhealth.net/wp-json/wp/v2/pages/8.json]
[www.onetouchhealth.net/wp-json/index.html]
[www.onetouchhealth.net/wp/xmlrpc0db0.php]
[www.onetouchhealth.net/wp-json/oembed/1.0/embed74b0.json]
[www.onetouchhealth.net/wp-json/oembed/1.0/embed048e]
[www.onetouchhealth.net/app/uploads/2023/04/cropped-favicon-1-32x32.png]
[www.onetouchhealth.net/app/uploads/2023/04/cropped-favicon-1-192x192.png]
[www.onetouchhealth.net/app/uploads/2023/04/cropped-favicon-1-180x180.png]
[www.onetouchhealth.net/app/uploads/2023/04/OT-Master-Logo.svg]
[www.onetouchhealth.net/solution.html]
[www.onetouchhealth.net/solutions-2.html]
[www.onetouchhealth.net/app/uploads/2023/08/CMS-Icon-Copy-2-1.svg]
[www.onetouchhealth.net/client.html]
[www.onetouchhealth.net/app/uploads/2023/08/Group-25@3x.svg]
[www.onetouchhealth.net/family-app.html]
[www.onetouchhealth.net/app/uploads/2023/08/Group-6@3x.svg]
[www.onetouchhealth.net/carers.html]
[www.onetouchhealth.net/app/uploads/2023/08/Carers-Icon-Copy-2-1.svg]
[www.onetouchhealth.net/back-office-solutions.html]
[www.onetouchhealth.net/app/uploads/2023/08/Group-9@3x.svg]
[www.onetouchhealth.net/governance.html]
[www.onetouchhealth.net/auditing.html]
[www.onetouchhealth.net/invoicing-and-payroll.html]
[www.onetouchhealth.net/care-industries.html]
[www.onetouchhealth.net/home-care.html]
[www.onetouchhealth.net/residential-care.html]
[www.onetouchhealth.net/day-care.html]
[www.onetouchhealth.net/reablement-services.html]
[www.onetouchhealth.net/learning-disability-support-services.html]
[www.onetouchhealth.net/disability-support.html]
[www.onetouchhealth.net/about-us.html]
[www.onetouchhealth.net/company-history.html]
[www.onetouchhealth.net/customer-success.html]
[www.onetouchhealth.net/customer-support.html]
[www.onetouchhealth.net/quality.html]
[www.onetouchhealth.net/case-studies.html]
[www.onetouchhealth.net/news-and-events0c7b.html]
[www.onetouchhealth.net/faqs.html]
[www.onetouchhealth.net/careers.html]
[www.onetouchhealth.net/news-and-events151e.html]
[www.onetouchhealth.net/contact.html]
[www.onetouchhealth.net/app/uploads/2023/04/trix-favicon.png]
[www.onetouchhealth.net/app/uploads/2023/08/OT-Circle-of-Care-V1@2x.png]
[www.onetouchhealth.net/app/uploads/2023/08/Group-6-4.svg]
[www.onetouchhealth.net/app/uploads/2023/08/Group-8-1.svg]
[www.onetouchhealth.net/app/uploads/2023/08/Group-9-2.svg]
[www.onetouchhealth.net/app/uploads/2023/08/Group-16-1.svg]
[www.onetouchhealth.net/app/uploads/2023/08/Group-7@2x-1-968x1024.png]
[www.onetouchhealth.net/app/themes/soap/dist/images/OT-Heart.svg]
[www.onetouchhealth.net/app/uploads/2023/08/Group-9@2x.png]
[www.onetouchhealth.net/scheduling.html]
[www.onetouchhealth.net/app/uploads/2023/08/Group@2x-1.png]
[www.onetouchhealth.net/app/uploads/2023/08/Group-7@2x.png]
[www.onetouchhealth.net/app/uploads/2023/08/Group-11-1.svg]
[www.onetouchhealth.net/care-planning.html]
[www.onetouchhealth.net/app/uploads/2023/08/Group-18@2x.png]
[www.onetouchhealth.net/app/uploads/2023/08/Group-19@2x.png]
[www.onetouchhealth.net/app/uploads/2023/08/Group-19@2x-1.png]
[www.onetouchhealth.net/app/uploads/2023/08/Group-11@2x.png]
[www.onetouchhealth.net/app/uploads/2023/08/Group-23@2x.png]
[www.onetouchhealth.net/app/uploads/2023/08/Group-12@2x.png]
[www.onetouchhealth.net/hr.html]
[www.onetouchhealth.net/app/uploads/2023/08/Group-21@2x.png]
[www.onetouchhealth.net/app/uploads/2023/08/Group-13@2x.png]
[www.onetouchhealth.net/app/uploads/2023/08/Group-20@2x.png]
[www.onetouchhealth.net/app/themes/soap/dist/images/OT-ipad.png]
[www.onetouchhealth.net/app/uploads/2023/04/testimonials-3-236x300.png]
[www.onetouchhealth.net/app/uploads/2023/04/testimonial-4-236x300.png]
[www.onetouchhealth.net/app/uploads/2023/04/careathome-225x300.jpg]
[www.onetouchhealth.net/app/uploads/2024/01/OneTouch-Health-Care-at-Home-Case-Study.pdf]
[www.onetouchhealth.net/app/uploads/2023/04/ThePudding_Hibernia_Nov2022_Shortlist19-300x200.jpg]
[www.onetouchhealth.net/app/uploads/2023/04/testimonial-1-236x300.png]
[www.onetouchhealth.net/app/uploads/2023/04/durham-council-1.jpg]
[www.onetouchhealth.net/app/uploads/2023/04/herefordshire_council.jpg]
[www.onetouchhealth.net/app/uploads/2023/04/lbbdlogo-1-300x150.png]
[www.onetouchhealth.net/app/uploads/2023/04/worcetsershire_county_council_logo.jpg]
[www.onetouchhealth.net/app/uploads/2023/11/bluebirdcare-logo-300x300.jpg]
[www.onetouchhealth.net/app/uploads/2023/11/crossroadscare-logo-300x240.jpg]
[www.onetouchhealth.net/app/uploads/2023/11/agincare-logo-300x140.jpg]
[www.onetouchhealth.net/app/uploads/2023/05/communicare-logo.png]
[www.onetouchhealth.net/app/uploads/2023/05/HSE-logo-300x174.png]
[www.onetouchhealth.net/app/uploads/2023/05/irish-homecare-logo-300x85.png]
[www.onetouchhealth.net/app/uploads/2024/01/Cyber-Essentials-300x300.jpg]
[www.onetouchhealth.net/app/uploads/2024/01/ISO27001.png]
[www.onetouchhealth.net/app/uploads/2024/01/ISO-9001.png]
[www.onetouchhealth.net/app/uploads/2024/01/DSCR-300x225.png]
[www.onetouchhealth.net/app/uploads/2024/01/nhs-assured-supplier.png]
[www.onetouchhealth.net/app/uploads/2024/01/png-6-300x157.jpg]
[www.onetouchhealth.net/app/uploads/2024/01/png-7-300x175.png]
[www.onetouchhealth.net/app/uploads/2024/01/building-better-healthcare-award-winners-e1706802667182.jpg]
[www.onetouchhealth.net/app/uploads/2024/04/PRSB-Quality-Partner-Logo-300x300.png]
[www.onetouchhealth.net/resources.html]
[www.onetouchhealth.net/cookie-policy.html]
[www.onetouchhealth.net/privacy-policy-web.html]
[www.onetouchhealth.net/app/themes/soap/dist/images/Soap-Media-Logo.svg]
[js-eu1.hs-scripts.com/25183355dfef.js]
[www.onetouchhealth.net/wp/wp-includes/js/dist/vendor/lodash.minf492.js]
[www.onetouchhealth.net/app/themes/soap/dist/js/bundle.833f2f97f4f4893f7b7384fc.js]
[www.google.com/recaptcha/api0569.js]
[www.onetouchhealth.net/index.html]
[www.onetouchhealth.net/wp/xmlrpc.php]
[www.onetouchhealth.net/app/themes/soap-child/style.css]
[www.onetouchhealth.net/app/themes/soap/dist/images/favicon.svg]
[www.onetouchhealth.net/app/themes/soap/dist/images/site.html]
[www.googletagmanager.com/gtm5445.html]
[www.onetouchhealth.net/app/themes/soap/dist/css/bundle5152.css]
[www.onetouchhealth.net/wp/wp-includes/js/jquery/jquery.minf43b.js]
[www.onetouchhealth.net/wp/wp-includes/js/jquery/jquery-migrate.min5589.js]
[www.onetouchhealth.net/app/uploads/2023/04/OT-Master-Logo.svg]
[www.onetouchhealth.net/wp-json/wp/v2/pages/19.json]
[www.onetouchhealth.net/wp-json/oembed/1.0/embedddf6.json]
[www.onetouchhealth.net/wp-json/oembed/1.0/embed0474]
[www.onetouchhealth.net/app/uploads/2024/01/Beige-Simple-Woman-Facebook-Profile-Picture-3200-x-864-px-8.jpg]
[www.onetouchhealth.net/app/uploads/2024/01/1-2-1024x1024.jpg]
[www.onetouchhealth.net/app/uploads/2024/01/2-2-1024x1024.jpg]
[www.onetouchhealth.net/app/uploads/2024/01/3-1-1024x1024.jpg]
[www.onetouchhealth.net/app/uploads/2024/01/4-1024x1024.jpg]
[www.onetouchhealth.net/app/uploads/2024/01/5-1024x1024.jpg]
[www.onetouchhealth.net/app/uploads/2024/01/6-1024x1024.jpg]
[www.onetouchhealth.net/app/uploads/2024/01/7-1024x1024.jpg]
[www.onetouchhealth.net/app/uploads/2024/01/8-1024x1024.jpg]
[www.onetouchhealth.net/app/uploads/2024/01/9-1024x1024.jpg]
[www.onetouchhealth.net/app/uploads/2024/01/10-1024x1024.jpg]
[www.onetouchhealth.net/app/uploads/2024/01/11-1024x1024.jpg]
[www.onetouchhealth.net/app/uploads/2024/01/12-1024x1024.jpg]
[www.onetouchhealth.net/app/uploads/2024/01/13-1024x1024.jpg]
[www.onetouchhealth.net/app/uploads/2024/01/14-1024x1024.jpg]
[www.onetouchhealth.net/solution.html]
[www.onetouchhealth.net/wp-json/wp/v2/pages/27.json]
[www.onetouchhealth.net/wp-json/oembed/1.0/embed16b9.json]
[www.onetouchhealth.net/wp-json/oembed/1.0/embed39c7]
[www.onetouchhealth.net/app/uploads/2023/04/OT-Roster-Icon.png]
[www.onetouchhealth.net/app/uploads/2023/04/OT-Care-Icon.png]
[www.onetouchhealth.net/app/uploads/2023/04/OT-Audits-Icon.png]
[www.onetouchhealth.net/app/uploads/2023/04/OT-Invoicing-Icon.png]
[www.onetouchhealth.net/app/uploads/2023/04/OT-HR-Icon.png]
[www.onetouchhealth.net/app/uploads/2023/04/OT-Compliance.png]
[www.onetouchhealth.net/solutions-2.html]
[www.onetouchhealth.net/app/uploads/2023/08/CMS-Icon-Copy-2-1.svg]
[www.onetouchhealth.net/wp-json/wp/v2/pages/31.json]
[www.onetouchhealth.net/wp-json/oembed/1.0/embedb85b.json]
[www.onetouchhealth.net/wp-json/oembed/1.0/embed2735]
[www.onetouchhealth.net/app/uploads/2023/04/OT-Carers-Banner@2x-1.png]
[www.onetouchhealth.net/client.html]
[www.onetouchhealth.net/app/uploads/2023/08/Group-25@3x.svg]
[www.onetouchhealth.net/wp-json/wp/v2/pages/29.json]
[www.onetouchhealth.net/wp-json/oembed/1.0/embedba38.json]
[www.onetouchhealth.net/wp-json/oembed/1.0/embed94cc]
[www.onetouchhealth.net/family-app.html]
[www.onetouchhealth.net/app/uploads/2023/08/Group-6@3x.svg]
[www.onetouchhealth.net/wp-json/wp/v2/pages/194.json]
[www.onetouchhealth.net/wp-json/oembed/1.0/embed0d61.json]
[www.onetouchhealth.net/wp-json/oembed/1.0/embedf41b]
[www.onetouchhealth.net/carers.html]
[www.onetouchhealth.net/app/uploads/2023/08/Carers-Icon-Copy-2-1.svg]
[www.onetouchhealth.net/wp-json/wp/v2/pages/682.json]
[www.onetouchhealth.net/wp-json/oembed/1.0/embed8a1e.json]
[www.onetouchhealth.net/wp-json/oembed/1.0/embed4939]
[www.onetouchhealth.net/app/uploads/2023/05/OT-About-Us-Banner@2x.jpg]
[www.onetouchhealth.net/app/uploads/2023/04/OT-Power-of-One-300x300.png]
[www.onetouchhealth.net/app/uploads/2023/05/Bitmap.png]
[www.onetouchhealth.net/back-office-solutions.html]
[www.onetouchhealth.net/app/uploads/2023/08/Group-9@3x.svg]
[www.onetouchhealth.net/wp-json/wp/v2/pages/1654.json]
[www.onetouchhealth.net/wp-json/oembed/1.0/embed9e35.json]
[www.onetouchhealth.net/wp-json/oembed/1.0/embede306]
[www.onetouchhealth.net/governance.html]
[www.onetouchhealth.net/wp-json/wp/v2/pages/1619.json]
[www.onetouchhealth.net/wp-json/oembed/1.0/embed97a8.json]
[www.onetouchhealth.net/wp-json/oembed/1.0/embedb3b6]
[www.onetouchhealth.net/auditing.html]
[www.onetouchhealth.net/wp-json/wp/v2/pages/1923.json]
[www.onetouchhealth.net/wp-json/oembed/1.0/embedaf97.json]
[www.onetouchhealth.net/wp-json/oembed/1.0/embedd744]
[www.onetouchhealth.net/app/uploads/2023/04/OT-Article-Banner@2x.png]
[www.onetouchhealth.net/invoicing-and-payroll.html]
[www.onetouchhealth.net/wp-json/wp/v2/pages/3347.json]
[www.onetouchhealth.net/wp-json/oembed/1.0/embed70ed.json]
[www.onetouchhealth.net/wp-json/oembed/1.0/embed4d9d]
[www.onetouchhealth.net/app/uploads/2024/01/Beige-Simple-Woman-Facebook-Profile-Picture-3200-x-864-px-6.jpg]
[www.onetouchhealth.net/care-industries.html]
[www.onetouchhealth.net/wp-json/wp/v2/pages/3193.json]
[www.onetouchhealth.net/wp-json/oembed/1.0/embed206e.json]
[www.onetouchhealth.net/wp-json/oembed/1.0/embed38db]
[www.onetouchhealth.net/app/uploads/2024/08/dario-valenzuela-PAGBeJrLiDA-unsplash.jpg]
[www.onetouchhealth.net/home-care.html]
[www.onetouchhealth.net/wp-json/wp/v2/pages/3305.json]
[www.onetouchhealth.net/wp-json/oembed/1.0/embed3458.json]
[www.onetouchhealth.net/wp-json/oembed/1.0/embed12b6]
[www.onetouchhealth.net/app/uploads/2024/08/priscilla-du-preez-LxEsi17Au6U-unsplash.jpg]
[www.onetouchhealth.net/residential-care.html]
[www.onetouchhealth.net/wp-json/wp/v2/pages/3313.json]
[www.onetouchhealth.net/wp-json/oembed/1.0/embedeff1.json]
[www.onetouchhealth.net/wp-json/oembed/1.0/embedd0ae]
[www.onetouchhealth.net/app/uploads/2024/08/priscilla-du-preez-XkKCui44iM0-unsplash.jpg]
[www.onetouchhealth.net/day-care.html]
[www.onetouchhealth.net/wp-json/wp/v2/pages/3329.json]
[www.onetouchhealth.net/wp-json/oembed/1.0/embedf7fa.json]
[www.onetouchhealth.net/wp-json/oembed/1.0/embed8785]
[www.onetouchhealth.net/app/uploads/2024/08/priscilla-du-preez-nF8xhLMmg0c-unsplash.jpg]
[www.onetouchhealth.net/reablement-services.html]
[www.onetouchhealth.net/wp-json/wp/v2/pages/3338.json]
[www.onetouchhealth.net/wp-json/oembed/1.0/embed98ec.json]
[www.onetouchhealth.net/wp-json/oembed/1.0/embed6600]
[www.onetouchhealth.net/app/uploads/2024/08/scott-graham-5fNmWej4tAA-unsplash.jpg]
[www.onetouchhealth.net/learning-disability-support-services.html]
[www.onetouchhealth.net/wp-json/wp/v2/pages/3318.json]
[www.onetouchhealth.net/wp-json/oembed/1.0/embed468d.json]
[www.onetouchhealth.net/wp-json/oembed/1.0/embed2a93]
[www.onetouchhealth.net/app/uploads/2024/08/headway-5QgIuuBxKwM-unsplash.jpg]
[www.onetouchhealth.net/disability-support.html]
[www.onetouchhealth.net/wp-json/wp/v2/pages/21.json]
[www.onetouchhealth.net/wp-json/oembed/1.0/embeda159.json]
[www.onetouchhealth.net/wp-json/oembed/1.0/embedcf61]
[www.onetouchhealth.net/app/uploads/2024/01/13-1-300x300.jpg]
[www.onetouchhealth.net/app/uploads/2024/01/14-1-300x300.jpg]
[www.onetouchhealth.net/app/uploads/2024/01/15-300x300.jpg]
[www.onetouchhealth.net/app/uploads/2024/01/16-300x300.jpg]
[www.onetouchhealth.net/about-us.html]
[www.onetouchhealth.net/wp-json/wp/v2/pages/2863.json]
[www.onetouchhealth.net/wp-json/oembed/1.0/embed8b37.json]
[www.onetouchhealth.net/wp-json/oembed/1.0/embed4567]
[www.onetouchhealth.net/company-history.html]
[www.onetouchhealth.net/wp-json/wp/v2/pages/1633.json]
[www.onetouchhealth.net/wp-json/oembed/1.0/embed554e.json]
[www.onetouchhealth.net/wp-json/oembed/1.0/embeda142]
[www.onetouchhealth.net/customer-success.html]
[www.onetouchhealth.net/wp-json/wp/v2/pages/676.json]
[www.onetouchhealth.net/wp-json/oembed/1.0/embeda10c.json]
[www.onetouchhealth.net/wp-json/oembed/1.0/embed913c]
[www.onetouchhealth.net/customer-support.html]
[www.onetouchhealth.net/wp-json/wp/v2/pages/115.json]
[www.onetouchhealth.net/wp-json/oembed/1.0/embed2f52.json]
[www.onetouchhealth.net/wp-json/oembed/1.0/embed9da1]
[www.onetouchhealth.net/app/uploads/2024/06/ISO-9001-OneTouch-Health-Group-2024.pdf]
[www.onetouchhealth.net/app/uploads/2024/06/ISO-27001-OneTouch-Health-Group-2024.pdf]
[www.onetouchhealth.net/quality.html]
[www.onetouchhealth.net/app/uploads/2024/08/2024-Cyber-Essentials-Plus-certificate.pdf]
[www.onetouchhealth.net/wp-json/wp/v2/pages/2233.json]
[www.onetouchhealth.net/wp-json/oembed/1.0/embed47e5.json]
[www.onetouchhealth.net/wp-json/oembed/1.0/embed7ec9]
[www.onetouchhealth.net/app/uploads/2024/02/Agincare-Case-Study-297-x-210-mm-1-compressed.pdf]
[www.onetouchhealth.net/app/uploads/2024/02/OneTouch-Health-Alcedo-Care-Case-Study-compressed.pdf]
[www.onetouchhealth.net/case-studies.html]
[www.onetouchhealth.net/app/uploads/2024/02/County-Durham-Care-Support-210-x-297-mm-3.pdf]
[www.onetouchhealth.net/app/uploads/2024/02/Hibernia-Case-Study-1-compressed-copy.pdf]
[www.onetouchhealth.net/app/uploads/2024/01/OneTouch-Health-Bluebird-Care-NE-Case-Study.pdf]
[www.onetouchhealth.net/news-and-events.html]
[www.onetouchhealth.net/wp-json/wp/v2/pages/35.json]
[www.onetouchhealth.net/wp-json/oembed/1.0/embedf3ee.json]
[www.onetouchhealth.net/wp-json/oembed/1.0/embed584b]
[www.onetouchhealth.net/app/uploads/2024/01/Beige-Simple-Woman-Facebook-Profile-Picture-3200-x-864-px-5.jpg]
[www.onetouchhealth.net/news-and-eventse1ce.html]
[www.onetouchhealth.net/news-and-events85fe.html]
[www.onetouchhealth.net/news/onetouch-health-are-shortlisted-as-finalists-in-the-national-care-awards.html]
[www.onetouchhealth.net/app/uploads/2024/09/OneTouch-Health-Tech-Innovation-of-the-Year-Finalist-National-Care-Awards-768x768.jpg]
[www.onetouchhealth.net/news/onetouch-health-acquires-oneplan.html]
[www.onetouchhealth.net/app/uploads/2024/06/oneplan-logo-2-e1717486500952.png]
[www.onetouchhealth.net/events/onetouch-health-leaders-in-care-conference24.html]
[www.onetouchhealth.net/app/uploads/2024/05/Untitled-450-x-450-px-1080-x-1080-px-5-768x768.jpg]
[www.onetouchhealth.net/events/onetouch-is-exhibiting-and-speaking-at-the-care-show-2.html]
[www.onetouchhealth.net/app/uploads/2024/04/Richard-Care-Show-Image-768x768.jpg]
[www.onetouchhealth.net/events/onetouch-is-exhibiting-and-speaking-at-the-care-show.html]
[www.onetouchhealth.net/news/cardiff-care-roadshow.html]
[www.onetouchhealth.net/app/uploads/2024/02/Lee-Payne-from-OneTouch-Health-at-the-Care-Roadshow-Future-of-Care-Leaders-Conference-768x768.jpg]
[www.onetouchhealth.net/news-and-events0c7b.html]
[www.onetouchhealth.net/wp-json/wp/v2/pages/2820.json]
[www.onetouchhealth.net/wp-json/oembed/1.0/embede102.json]
[www.onetouchhealth.net/wp-json/oembed/1.0/embed3f4f]
[www.onetouchhealth.net/faqs.html]
[www.onetouchhealth.net/wp-json/wp/v2/pages/25.json]
[www.onetouchhealth.net/wp-json/oembed/1.0/embedec13.json]
[www.onetouchhealth.net/wp-json/oembed/1.0/embed70a7]
[www.onetouchhealth.net/app/uploads/2024/01/Beige-Simple-Woman-Facebook-Profile-Picture-3200-x-864-px-2.jpg]
[www.onetouchhealth.net/app/uploads/2023/04/building-flag@2x.png]
[www.onetouchhealth.net/app/uploads/2024/03/POL-063-Privacy-Policy-Candidate.docx.pdf]
[www.onetouchhealth.net/app/uploads/2023/04/earth-europe@2x.png]
[www.onetouchhealth.net/career/business-development-representative.html]
[www.onetouchhealth.net/careers.html]
[www.onetouchhealth.net/career/business-development-manager.html]
[www.onetouchhealth.net/blog/navigating-compliance-in-healthcare-solutions-for-care-providers.html]
[www.onetouchhealth.net/app/uploads/2024/09/Navigating-Compliance-in-Healthcare-Solutions-for-Care-Providers-1-768x768.png]
[www.onetouchhealth.net/blog/achieving-excellence-in-domiciliary-care.html]
[www.onetouchhealth.net/app/uploads/2024/08/Achieving-Excellence-in-Domiciliary-Care-Blue-Version-768x768.png]
[www.onetouchhealth.net/blog/optimising-care-staff-scheduling-with-advanced-software-solutions.html]
[www.onetouchhealth.net/app/uploads/2024/08/Optimising-Care-Staff-Scheduling-with-Advanced-Software-Solutions-Purple-Version-768x768.png]
[www.onetouchhealth.net/blog/how-digital-care-plans-transform-client-outcomes.html]
[www.onetouchhealth.net/app/uploads/2024/07/The-Future-of-Care-How-Digital-Care-Plans-Transform-Patient-Outcomes-4-768x768.png]
[www.onetouchhealth.net/blog/cqc-inspection-compliance.html]
[www.onetouchhealth.net/app/uploads/2024/05/CQC-logo.png]
[www.onetouchhealth.net/news/onetouchhealth-sponsors-homecares-got-talent.html]
[www.onetouchhealth.net/app/uploads/2024/06/Onetouch-768x768.jpg]
[www.onetouchhealth.net/news/celebrating-national-workplace-wellbeing-day-at-onetouch-health.html]
[www.onetouchhealth.net/app/uploads/2024/04/National-Workplace-Wellbeing-Day-2.png]
[www.onetouchhealth.net/news/some-exciting-new-additions-to-the-onetouch-team.html]
[www.onetouchhealth.net/app/uploads/2024/04/Subheading-768x768.jpg]
[www.onetouchhealth.net/news/duane-lawrence-appointed-chair-onetouch-health-board.html]
[www.onetouchhealth.net/app/uploads/2024/01/DL3-2.jpg]
[www.onetouchhealth.net/news/onetouch-is-exhibiting-at-the-homecare-conference-2.html]
[www.onetouchhealth.net/app/uploads/2024/01/Homecare-Association-Event-768x768.jpg]
[www.onetouchhealth.net/news/check-us-out-in-the-latest-edition-of-homecare-insight.html]
[www.onetouchhealth.net/app/uploads/2023/11/richard-green-headshot-resized-2.jpg]
[www.onetouchhealth.net/news/we-won-another-award.html]
[www.onetouchhealth.net/app/uploads/2023/11/ellen-accepting-the-BBH-health-award-for-best-healthcare-software-768x1024.jpg]
[www.onetouchhealth.net/news/we-are-on-the-deloitte-technology-fast-50-list.html]
[www.onetouchhealth.net/app/uploads/2024/02/deloitte-fast-50.jpg]
[www.onetouchhealth.net/news/onetouch-is-at-the-care-association-alliance-conference.html]
[www.onetouchhealth.net/app/uploads/2024/02/Richard-speaking-at-the-the-Yorkshire-and-Humber-Care-Association-Alliance-Conference-768x576.jpg]
[www.onetouchhealth.net/news/we-are-the-most-innovative-solution-in-home-care.html]
[www.onetouchhealth.net/app/uploads/2024/02/innovative-solutions-in-homecare-winners-at-the-leaders-in-care-awards-768x511.jpg]
[www.onetouchhealth.net/news/we-are-delighted-to-announce-our-acquisition-of-autumncare.html]
[www.onetouchhealth.net/app/uploads/2024/02/autumncare-acquisiton-image-768x768.jpg]
[www.onetouchhealth.net/news-and-events151e.html]
[www.onetouchhealth.net/wp-json/wp/v2/pages/450.json]
[www.onetouchhealth.net/wp-json/oembed/1.0/embed8a72.json]
[www.onetouchhealth.net/wp-json/oembed/1.0/embede66d]
[www.onetouchhealth.net/app/uploads/2024/01/Beige-Simple-Woman-Facebook-Profile-Picture-3200-x-864-px.jpg]
[www.onetouchhealth.net/app/mu-plugins/gravityforms/images/spinner.svg]
[www.onetouchhealth.net/app/mu-plugins/gravityforms/assets/css/dist/basic.min08d4.css]
[www.onetouchhealth.net/app/mu-plugins/gravityforms/assets/css/dist/theme-ie11.min08d4.css]
[www.onetouchhealth.net/app/mu-plugins/gravityforms/assets/css/dist/theme.min08d4.css]
[www.onetouchhealth.net/wp/wp-includes/css/dashicons.min84fc.css]
[www.onetouchhealth.net/wp/wp-includes/js/dist/vendor/wp-polyfill-inert.min0226.js]
[www.onetouchhealth.net/wp/wp-includes/js/dist/vendor/regenerator-runtime.min6c85.js]
[www.onetouchhealth.net/wp/wp-includes/js/dist/vendor/wp-polyfill.min2c7c.js]
[www.onetouchhealth.net/wp/wp-includes/js/dist/dom-ready.minded6.js]
[www.onetouchhealth.net/wp/wp-includes/js/dist/hooks.min2ebd.js]
[www.onetouchhealth.net/wp/wp-includes/js/dist/i18n.minf92f.js]
[www.onetouchhealth.net/wp/wp-includes/js/dist/a11y.min866e.js]
[www.onetouchhealth.net/app/mu-plugins/gravityforms/js/jquery.json.min08d4.js]
[www.onetouchhealth.net/app/mu-plugins/gravityforms/js/gravityforms.min08d4.js]
[www.onetouchhealth.net/app/mu-plugins/gravityforms/js/placeholders.jquery.min08d4.js]
[www.onetouchhealth.net/app/mu-plugins/gravityforms/assets/js/dist/utils.minbdb4.js]
[www.onetouchhealth.net/app/mu-plugins/gravityforms/assets/js/dist/vendor-theme.minca9e.js]
[www.onetouchhealth.net/app/mu-plugins/gravityforms/assets/js/dist/scripts-theme.min00af.js]
[www.onetouchhealth.net/app/mu-plugins/gravityformsrecaptcha/js/frontend6f3e.js]
[www.onetouchhealth.net/contact.html]
[www.onetouchhealth.net/app/uploads/2023/08/Group-6-4.svg]
[www.onetouchhealth.net/app/uploads/2023/08/Group-9-2.svg]
[www.onetouchhealth.net/app/uploads/2023/08/Group-8-1.svg]
[www.onetouchhealth.net/app/uploads/2023/08/Group-16-1.svg]
[www.onetouchhealth.net/app/uploads/2023/08/Group-11-1.svg]
[www.onetouchhealth.net/app/themes/soap/dist/images/OT-Heart.svg]
[www.onetouchhealth.net/wp-json/wp/v2/pages/1596.json]
[www.onetouchhealth.net/wp-json/oembed/1.0/embedf1ed.json]
[www.onetouchhealth.net/wp-json/oembed/1.0/embedf93d]
[www.onetouchhealth.net/scheduling.html]
[www.onetouchhealth.net/wp-json/wp/v2/pages/1684.json]
[www.onetouchhealth.net/wp-json/oembed/1.0/embed39c2.json]
[www.onetouchhealth.net/wp-json/oembed/1.0/embed0310]
[www.onetouchhealth.net/care-planning.html]
[www.onetouchhealth.net/wp-json/wp/v2/pages/1643.json]
[www.onetouchhealth.net/wp-json/oembed/1.0/embedf62f.json]
[www.onetouchhealth.net/wp-json/oembed/1.0/embed6a2f]
[www.onetouchhealth.net/hr.html]
[www.onetouchhealth.net/wp-json/wp/v2/pages/23.json]
[www.onetouchhealth.net/wp-json/oembed/1.0/embedc9c4.json]
[www.onetouchhealth.net/wp-json/oembed/1.0/embed9ca5]
[www.onetouchhealth.net/resources.html]
[www.onetouchhealth.net/wp-json/wp/v2/pages/39.json]
[www.onetouchhealth.net/wp-json/oembed/1.0/embed902a.json]
[www.onetouchhealth.net/wp-json/oembed/1.0/embed4d17]
[www.onetouchhealth.net/cookie-policy.html]
[www.onetouchhealth.net/wp-json/wp/v2/pages/3.json]
[www.onetouchhealth.net/wp-json/oembed/1.0/embed5601.json]
[www.onetouchhealth.net/wp-json/oembed/1.0/embed59a5]
[www.onetouchhealth.net/privacy-policy-web.html]
[www.onetouchhealth.net/app/themes/soap/dist/images/Soap-Media-Logo.svg]
[www.onetouchhealth.net/wp/wp-includes/js/dist/vendor/lodash.minf492.js]
[www.onetouchhealth.net/app/themes/soap/dist/js/bundle.833f2f97f4f4893f7b7384fc.js]
[www.onetouchhealth.net/index5831.html]
[www.onetouchhealth.net/index1c4a.html]
[www.onetouchhealth.net/indexc7e3.html]
[www.onetouchhealth.net/index9cd7.html]
[www.onetouchhealth.net/indexc8fa.html]
[www.onetouchhealth.net/index31fc.html]
[www.onetouchhealth.net/indexe693.html]
[www.onetouchhealth.net/index7bb4.html]
[www.onetouchhealth.net/indexbfe5.html]
[www.onetouchhealth.net/index428d.html]
[www.onetouchhealth.net/index539d.html]
[www.onetouchhealth.net/index2005.html]
[www.onetouchhealth.net/index01a0.html]
[www.onetouchhealth.net/index7f87.html]
[www.onetouchhealth.net/index8f79.html]
[www.onetouchhealth.net/index4677.html]
[www.onetouchhealth.net/index3965.html]
[www.onetouchhealth.net/index9ae4.html]
[www.onetouchhealth.net/index208d.html]
[www.onetouchhealth.net/index54f6.html]
[www.onetouchhealth.net/index0a10.html]
[www.onetouchhealth.net/indexbebf.html]
[www.onetouchhealth.net/news-and-events.html]
[www.onetouchhealth.net/index5c90.html]
[www.onetouchhealth.net/news-and-eventse1ce.html]
[www.onetouchhealth.net/news-and-events85fe.html]
[www.onetouchhealth.net/wp-json/wp/v2/posts/3516.json]
[www.onetouchhealth.net/wp-json/oembed/1.0/embed548c.json]
[www.onetouchhealth.net/wp-json/oembed/1.0/embed89b5]
[www.onetouchhealth.net/news/onetouch-health-are-shortlisted-as-finalists-in-the-national-care-awards.html]
[www.onetouchhealth.net/news/onetouch-health-acquires-oneplan/feed]
[www.onetouchhealth.net/wp-json/wp/v2/posts/2904.json]
[www.onetouchhealth.net/wp-json/oembed/1.0/embed5962.json]
[www.onetouchhealth.net/wp-json/oembed/1.0/embedbb10]
[www.onetouchhealth.net/news/onetouch-health-acquires-oneplan.html]
[www.onetouchhealth.net/events/onetouch-health-leaders-in-care-conference24/feed]
[www.onetouchhealth.net/wp-json/wp/v2/posts/2854.json]
[www.onetouchhealth.net/wp-json/oembed/1.0/embed92e0.json]
[www.onetouchhealth.net/wp-json/oembed/1.0/embede6d4]
[www.onetouchhealth.net/events/onetouch-health-leaders-in-care-conference24.html]
[www.onetouchhealth.net/news/onetouch-is-exhibiting-and-speaking-at-the-care-show.html]
[www.onetouchhealth.net/events/onetouch-is-exhibiting-and-speaking-at-the-care-show-2/feed]
[www.onetouchhealth.net/wp-json/wp/v2/posts/2851.json]
[www.onetouchhealth.net/wp-json/oembed/1.0/embedd27d.json]
[www.onetouchhealth.net/wp-json/oembed/1.0/embed66c3]
[www.onetouchhealth.net/events/onetouch-is-exhibiting-and-speaking-at-the-care-show-2.html]
[www.onetouchhealth.net/events/onetouch-is-exhibiting-and-speaking-at-the-care-show/feed]
[www.onetouchhealth.net/wp-json/wp/v2/posts/2779.json]
[www.onetouchhealth.net/wp-json/oembed/1.0/embed14a5.json]
[www.onetouchhealth.net/wp-json/oembed/1.0/embede9d2]
[www.onetouchhealth.net/events/onetouch-is-exhibiting-and-speaking-at-the-care-show.html]
[www.onetouchhealth.net/news/cardiff-care-roadshow/feed]
[www.onetouchhealth.net/wp-json/wp/v2/posts/2139.json]
[www.onetouchhealth.net/wp-json/oembed/1.0/embed6e5a.json]
[www.onetouchhealth.net/wp-json/oembed/1.0/embedec44]
[www.onetouchhealth.net/news/cardiff-care-roadshow.html]
[www.onetouchhealth.net/indexa916.html]
[www.onetouchhealth.net/index970c.html]
[www.onetouchhealth.net/wp-json/wp/v2/career/3467.json]
[www.onetouchhealth.net/wp-json/oembed/1.0/embed0e1c.json]
[www.onetouchhealth.net/wp-json/oembed/1.0/embed02d6]
[www.onetouchhealth.net/career/business-development-representative.html]
[www.onetouchhealth.net/wp-json/wp/v2/career/3464.json]
[www.onetouchhealth.net/wp-json/oembed/1.0/embeda952.json]
[www.onetouchhealth.net/wp-json/oembed/1.0/embedcf52]
[www.onetouchhealth.net/career/business-development-manager.html]
[www.onetouchhealth.net/wp-json/wp/v2/posts/3533.json]
[www.onetouchhealth.net/wp-json/oembed/1.0/embed4199.json]
[www.onetouchhealth.net/wp-json/oembed/1.0/embedcb18]
[www.onetouchhealth.net/blog/navigating-compliance-in-healthcare-solutions-for-care-providers.html]
[www.onetouchhealth.net/wp-json/wp/v2/posts/3426.json]
